∩╗┐18-09-2026 11:41:46||AFORE_AZTECA|info|{"peticionID":"mu78wpfaiou81x1fh9p","tiempoEjecucion":"44ms","peticion":{"fechaPeticion":"2026-09-18 12:41:46,300","method":"POST","url":"https://sac.redunica.com/seguridad-ru/Bx3Nw8RtY5/01/Jm5Qv8NcK6","headers":{
"Content-Type":"application/json","Ra8Km2QwP5":"eyJhbGciOiJSUzI1NiIsInR5cCI6IkpXVCJ9.eyJpc3MiOiJaVFJtTlRKaVkyWXpaVEZtT1dSaE1XUmtPVFF6TUdRell6VTNZakkwTkdNPSIsImF1ZCI6IllUUXhZMkl5WW1VMU16RXlNMlptWWpOaE1qbGtZMkZqTnpsaFltSTNZelk9IiwianRpIjoiTXpabU56QmlORE13T1
RWallqbGlZVE01TkRCbFlUVTBaVGhtTURJMU56az0iLCJzdWIiOiJNbU0xTldZek5UVTJaVEJrT1dVek9EUTNNV1U1TkRBek56TTNNMkU0TXpBPSIsImlhdCI6MTc4OTc1MjM3MCwiZXhwIjoxNzg5NzU1OTcwfQ.NgZZ3XHtKSMMfrd0tmNTsfCiXvrCZKkDefsTemh-XhcjYuZEDyC8lzHeeEDu8J3-Ny_6yEdfhJBvich3EcNQ1qF0qqvhXA
S92m1b-P2V9TJtYKdKBjRGEc33xf_ghC61ZGlGJOwDwDBcRth_lHKgJdUYRP-Jopxtd4ngM_1LC1PhP_nsL7eFmCicRhXWFZLR6maZzZ1T8N-YbAa8H21qJmVJKVzhUgFZFIwMmnLcvAcJ5-nFue2tt4fhueXmsIwjlJRjF_dGrkzVM7nnSJ9GwK0t0Sztl2UWZbBEiV7rxh1YBR__VOv1Vw-ZwPyuEsyI7JN4lwXyHtFjB0a72GVcrA","x-dt
pc":"20$552371677_953h375vSMHJTNDSCCUPKTPSPULJWKCHFHKBJSQB-0e0"},"body":{"Tx4Nv7BdL1":"019f42b5-e82b-756f-bb02-1747aacaf607","Ld9Xp6QrM2":"mu78wpfaiou81x1fh9p"}},"resultado":{"fechaRespuesta":"2026-09-18 12:41:46,344","ok":true,"status":200,"statusText":"
OK","headers":{},"data":{"Na7Xk3PmR8":"uOxCPGg7KSwzZHkhe0ODoOeyoxPV","Ws6Pk9QmT4":"https://internal-APIGEE-PROD-ALB01-1366664713.us-east-1.elb.amazonaws.com:8081","Qt4Lb9WsC2":1789753167049,"Vh8Jn5DyM1":3599,"Zm7Qx4LpK8":1789753306395,"Kb3Rw7NmQ5":1789756
766049,"Py8Tk4VmN7":50}}}                                                                           
18-09-2026 11:41:48||AFORE_AZTECA|info|{"peticionID":"mu78wppq8gap8qqgcx","tiempoEjecucion":"1367ms","peticion":{"fechaPeticion":"2026-09-18 12:41:46,672","method":"POST","url":"https://internal-APIGEE-PROD-ALB01-1366664713.us-east-1.elb.amazonaws.com:808
1/afore/administracion-cuenta/busquedas-clientes/v1/clientes/detalles/busquedas","headers":{"Authorization":"Bearer uOxCPGg7KSwzZHkhe0ODoOeyoxPV","x-id-acceso":"54i7ih38i144fdh729bh81906799eh","x-id-canal":20,"x-id-sucursal":10043,"x-id-usuario":38136,"Co
ntent-Type":"application/json"},"body":{"idTipoBusqueda":1,"curp":"WfOzhbe4TIQ/64V9OqRojfvgedosku4c41ak5FtUPv3K6dumcubTiXoTE+Gjd5HgQ27F1CJuVaZU1SBqDO/Qg1pM7wgt5o4exU3569VizIQg0cHyUy61Fr0dk+KY0k4A52POb4bPa0WwmPjpfP+4rzjCnHNObECGGmUonZXy2pfFtXlvF9CGLYFwSxWA
X1xGl3F6d1me70lMVmbIDUed5oyV1IkUg5q2qEIn8zs1Ad1TBbZgIKfch7EGjMTFFqLmZrwJePzuUI086CXRdkiFIhAVLsv5LqnRhcWoFlN9PNjy7nXAm+OIKJNOyEAotm2IHEw8aNdbHYips6ZKqIlXgA=="}},"resultado":{"fechaRespuesta":"2026-09-18 12:41:48,039","ok":true,"status":200,"statusText":"",
"headers":{"cache-control":"no-cache, no-store, max-age=0, must-revalidate","content-security-policy":"default-src 'self'","content-type":"application/json","date":"Fri, 18 Sep 2026 17:41:48 GMT","expect-ct":"max-age=3600, enforce","expires":"0","pragma":
"no-cache","vary":"Origin, Access-Control-Request-Method, Access-Control-Request-Headers","x-content-type-options":"nosniff","x-frame-options":"DENY","x-xss-protection":"0"},"data":{"mensaje":"Operaci├│n exitosa","folio":"001-20260918114146785","resultado
":{"idTipoCuenta":4,"folioInforme":"26091820100439626100"}}}}                                       
18-09-2026 11:41:48||AFORE_AZTECA|info|{"peticionID":"mu78wqry00pfrzcawmvfd","tiempoEjecucion":"100ms","peticion":{"fechaPeticion":"2026-09-18 12:41:48,047","method":"GET","url":"https://internal-APIGEE-PROD-ALB01-1366664713.us-east-1.elb.amazonaws.com:80
81/afore/servicios-comunes/catalogos/gestion-parametros/v1/parametros/9","headers":{"Authorization":"Bearer uOxCPGg7KSwzZHkhe0ODoOeyoxPV","x-id-sistema":"6740cf29955f4648ef482f8b"},"body":{}},"resultado":{"fechaRespuesta":"2026-09-18 12:41:48,147","ok":tr
ue,"status":200,"statusText":"","headers":{"cache-control":"no-cache, no-store, max-age=0, must-revalidate","content-security-policy":"default-src 'self'","content-type":"application/json","date":"Fri, 18 Sep 2026 17:41:48 GMT","expect-ct":"max-age=3600, 
enforce","expires":"0","pragma":"no-cache","vary":"Origin, Access-Control-Request-Method, Access-Control-Request-Headers","x-content-type-options":"nosniff","x-frame-options":"DENY","x-xss-protection":"0"},"data":{"mensaje":"Operaci├│n exitosa","folio":"2
df90a4b-7af0-41f0-b90a-4b7af021f0b4","resultado":{"descripcion":"Listado de sucursales que se encuentran habilitadas para flujos de Extranjero","activo":true,"valores":["2244","172","10043"]}}}}
18-09-2026 11:41:48||AFORE_AZTECA|info|{"peticionID":"mu78wqus769ixaac6fo","tiempoEjecucion":"97ms","peticion":{"fechaPeticion":"2026-09-18 12:41:48,149","method":"GET","url":"https://internal-APIGEE-PROD-ALB01-1366664713.us-east-1.elb.amazonaws.com:8081/
afore/servicios-comunes/catalogos/gestion-parametros/v1/parametros/10","headers":{"Authorization":"Bearer uOxCPGg7KSwzZHkhe0ODoOeyoxPV","x-id-sistema":"6740cf29955f4648ef482f8b"},"body":{}},"resultado":{"fechaRespuesta":"2026-09-18 12:41:48,246","ok":true
,"status":200,"statusText":"","headers":{"cache-control":"no-cache, no-store, max-age=0, must-revalidate","content-security-policy":"default-src 'self'","content-type":"application/json","date":"Fri, 18 Sep 2026 17:41:48 GMT","expect-ct":"max-age=3600, en
force","expires":"0","pragma":"no-cache","vary":"Origin, Access-Control-Request-Method, Access-Control-Request-Headers","x-content-type-options":"nosniff","x-frame-options":"DENY","x-xss-protection":"0"},"data":{"mensaje":"Operaci├│n exitosa","folio":"dbb
1eab5-96ed-42c6-b1ea-b596ed92c67e","resultado":{"descripcion":"Listado de sucursales que se encuentran habilitadas para flujos de Apoderado legal","activo":true,"valores":["172","10043"]}}}}
18-09-2026 11:41:48||AFORE_AZTECA|info|{"peticionID":"mu78wqxjt2cy3atzvla","tiempoEjecucion":"103ms","peticion":{"fechaPeticion":"2026-09-18 12:41:48,248","method":"GET","url":"https://internal-APIGEE-PROD-ALB01-1366664713.us-east-1.elb.amazonaws.com:8081
/afore/servicios-comunes/catalogos/gestion-parametros/v1/parametros/11","headers":{"Authorization":"Bearer uOxCPGg7KSwzZHkhe0ODoOeyoxPV","x-id-sistema":"6740cf29955f4648ef482f8b"},"body":{}},"resultado":{"fechaRespuesta":"2026-09-18 12:41:48,351","ok":tru
e,"status":200,"statusText":"","headers":{"cache-control":"no-cache, no-store, max-age=0, must-revalidate","content-security-policy":"default-src 'self'","content-type":"application/json","date":"Fri, 18 Sep 2026 17:41:48 GMT","expect-ct":"max-age=3600, e
nforce","expires":"0","pragma":"no-cache","vary":"Origin, Access-Control-Request-Method, Access-Control-Request-Headers","x-content-type-options":"nosniff","x-frame-options":"DENY","x-xss-protection":"0"},"data":{"mensaje":"Operaci├│n exitosa","folio":"f9
71750e-089b-40ee-b175-0e089b50ee86","resultado":{"descripcion":"Listado de sucursales que se encuentran habilitadas para flujos de Curador","activo":true,"valores":["172","10043"]}}}}

